[36mvite v7.3.1 [32mbuilding client environment for production...[36m[39m
transforming...
[32mΓ£ô[39m 1823 modules transformed.
node.exe : 
[31mΓ£ù[39m Build 
failed in 2.77s
At line:1 char:1
+ & "C:\Program 
Files\nodejs/node.exe" 
"C:\Program 
Files\nodejs/node_mo 
...
+ ~~~~~~~~~~~~~~~~~~~~~
~~~~~~~~~~~~~~~~~~~~~~~
~~~~~~~~~~~~~~~~~~~~~~~
~~
    + CategoryInfo     
         : NotSpecifi  
  ed: ([31mΓ£ù[39m   
  Build failed in 2    
.77s:String) [], R    
emoteException
    + FullyQualifiedEr 
   rorId : NativeComm  
  andError
 
[31merror during 
build:
[31mCould not resolve 
"../../../utils" from "
src/components/layout/I
nstructorNav.jsx"[31m
file: [36mC:/Users/m/O
neDrive/Desktop/graduat
edproject/ai-edu-platfo
rm/src/components/layou
t/InstructorNav.jsx[31
m
    at getRollupError (
file:///C:/Users/m/OneD
rive/Desktop/graduatedp
roject/ai-edu-platform/
node_modules/rollup/dis
t/es/shared/parseAst.js
:402:41)
    at error (file:///C
:/Users/m/OneDrive/Desk
top/graduatedproject/ai
-edu-platform/node_modu
les/rollup/dist/es/shar
ed/parseAst.js:398:42)
    at ModuleLoader.han
dleInvalidResolvedId (f
ile:///C:/Users/m/OneDr
ive/Desktop/graduatedpr
oject/ai-edu-platform/n
ode_modules/rollup/dist
/es/shared/node-entry.j
s:21687:24)
    at file:///C:/Users
/m/OneDrive/Desktop/gra
duatedproject/ai-edu-pl
atform/node_modules/rol
lup/dist/es/shared/node
-entry.js:21647:26[39m
